// Jest Snapshot v1, https://goo.gl/fbAQLP

exports[`<Article /> should render <Article /> 1`] = `
<div
  className="Article"
>
  <HelmetWrapper
    defer={true}
    encodeSpecialCharacters={true}
  >
    <title />
    <meta
      name="description"
    />
    <meta
      content="GOOD dev"
      property="og:site_name"
    />
    <meta
      property="og:title"
    />
    <meta
      property="og:description"
    />
    <meta
      content={
        ImageUrlBuilder {
          "options": Object {
            "baseUrl": "https://cdn.sanity.io",
            "dataset": "production",
            "height": 252,
            "ignoreImageParams": true,
            "projectId": "klyyehyz",
            "source": undefined,
            "width": 360,
          },
        }
      }
      property="og:image"
    />
    <meta
      content="image/png"
      property="og:image:type"
    />
    <meta
      content="360"
      property="og:image:width"
    />
    <meta
      content="252"
      property="og:image:height"
    />
  </HelmetWrapper>
  <div
    className="article__content"
  >
    <ArticleContent
      article={
        Object {
          "comments": Array [],
          "commentsCount": 2,
        }
      }
    />
  </div>
  <ShareArticle />
  <Comments
    comments={Array []}
    commentsCount={2}
  />
  <h3
    className="article__reply_header"
  >
    Leave a Reply
  </h3>
  <LoadableComponent />
</div>
`;
