// Jest Snapshot v1, https://goo.gl/fbAQLP

exports[`<Article /> should render <Article /> 1`] = `
<div
  className="Article"
>
  <HelmetWrapper
    defer={true}
    encodeSpecialCharacters={true}
  >
    <title>
      article title
    </title>
    <meta
      content="article teaser"
      name="description"
    />
    <meta
      content="article title"
      property="og:title"
    />
    <meta
      content="article teaser"
      property="og:description"
    />
    <meta
      content={null}
      property="og:image"
    />
  </HelmetWrapper>
  <div
    className="article__content"
  >
    <ArticleContent
      article={
        Object {
          "comments": Array [],
          "commentsCount": 2,
          "image": "",
          "teaser": "article teaser",
          "title": "article title",
        }
      }
    />
  </div>
  <ShareArticle />
  <Comments
    comments={Array []}
    commentsCount={2}
  />
  <h3
    className="article__reply_header"
  >
    Leave a Reply
  </h3>
  <LoadableComponent />
</div>
`;
