// Jest Snapshot v1, https://goo.gl/fbAQLP

exports[`<ShareArticle /> should render <ShareArticle /> 1`] = `
<div
  className="ShareArticle"
>
  <h2
    className="share-article__title"
  >
    Share
  </h2>
  <ul
    className="share-article__list"
  >
    <li
      className="share-article__item"
      title="Share on Facebook"
    >
      <CreatedButton
        url="www.test.com/blog"
        windowHeight={400}
        windowWidth={550}
      >
        <Icon
          className=""
          iconBgStyle={Object {}}
          logoFillColor="white"
          size={40}
        />
      </CreatedButton>
    </li>
    <li>
      <div
        className="fb-share-button"
        data-href="https://ec2-18-184-79-160.eu-central-1.compute.amazonaws.com:3000/how-to-approach-machine-learning-problems"
        data-layout="button"
        data-mobile-iframe="true"
        data-size="small"
      >
        <a
          className="fb-xfbml-parse-ignore"
          href="https://www.facebook.com/sharer/sharer.php?u=https%3A%2F%2Fec2-18-184-79-160.eu-central-1.compute.amazonaws.com%3A3000%2Fhow-to-approach-machine-learning-problems&src=sdkpreparse"
          rel="noopener noreferrer"
          target="_blank"
        >
          Share
        </a>
      </div>
    </li>
    <li
      className="share-article__item"
      title="Share on Google+"
    >
      <CreatedButton
        url="www.test.com/blog"
        windowHeight={400}
        windowWidth={550}
      >
        <Icon
          className=""
          iconBgStyle={Object {}}
          logoFillColor="white"
          size={40}
        />
      </CreatedButton>
    </li>
    <li
      className="share-article__item"
      title="Share on LinkedIn"
    >
      <CreatedButton
        url="www.test.com/blog"
        windowHeight={600}
        windowWidth={750}
      >
        <Icon
          className=""
          iconBgStyle={Object {}}
          logoFillColor="white"
          size={40}
        />
      </CreatedButton>
    </li>
    <li
      className="share-article__item"
      title="Share on Twitter"
    >
      <CreatedButton
        url="www.test.com/blog"
        windowHeight={400}
        windowWidth={550}
      >
        <Icon
          className=""
          iconBgStyle={Object {}}
          logoFillColor="white"
          size={40}
        />
      </CreatedButton>
    </li>
    <li
      className="share-article__item"
      title="Share on Reddit"
    >
      <CreatedButton
        url="www.test.com/blog"
        windowHeight={460}
        windowWidth={660}
      >
        <Icon
          className=""
          iconBgStyle={Object {}}
          logoFillColor="white"
          size={40}
        />
      </CreatedButton>
    </li>
    <li
      className="share-article__item"
      title="Share via Email"
    >
      <CreatedButton
        onClick={[Function]}
        openWindow={false}
        url="www.test.com/blog"
      >
        <Icon
          className=""
          iconBgStyle={Object {}}
          logoFillColor="white"
          size={40}
        />
      </CreatedButton>
    </li>
  </ul>
</div>
`;
